Hello, world!

Hello, world!

Hello, world!

How are you doing today?

Welcome to Data Science!

I am Sam and I like Ice-Cream.

This is our first commit.




Parmods-MacBook-Pro:Desktop parmodkumar$ cd GitGitHub
Parmods-MacBook-Pro:GitGitHub parmodkumar$ ls
Git_GitHubTutorial.txt	foo.txt
Parmods-MacBook-Pro:GitGitHub parmodkumar$ git config --global user.name "Parmod Kumar"
Parmods-MacBook-Pro:GitGitHub parmodkumar$ git config --global user.email "caldmet70@gmail.com"
Parmods-MacBook-Pro:GitGitHub parmodkumar$ 

Parmods-MacBook-Pro:GitGitHub parmodkumar$ git config --list
user.name=Parmod Kumar
user.email=caldmet70@gmail.com
push.default=upstream
core.editor=TextEdit -n -w
merg.conflictstyle=diff3
core.repositoryformatversion=0
core.filemode=true
core.bare=false
core.logallrefupdates=true
core.ignorecase=true
core.precomposeunicode=true
Parmods-MacBook-Pro:GitGitHub parmodkumar$ clear
Parmods-MacBook-Pro:GitGitHub parmodkumar$ git config user.email
caldmet70@gmail.com
Parmods-MacBook-Pro:GitGitHub parmodkumar$ git help
usage: git [--version] [--help] [-C <path>] [-c name=value]
           [--exec-path[=<path>]] [--html-path] [--man-path] [--info-path]
           [-p | --paginate | --no-pager] [--no-replace-objects] [--bare]
           [--git-dir=<path>] [--work-tree=<path>] [--namespace=<name>]
           <command> [<args>]

These are common Git commands used in various situations:

start a working area (see also: git help tutorial)
   clone      Clone a repository into a new directory
   init       Create an empty Git repository or reinitialize an existing one

work on the current change (see also: git help everyday)
   add        Add file contents to the index
   mv         Move or rename a file, a directory, or a symlink
   reset      Reset current HEAD to the specified state
   rm         Remove files from the working tree and from the index

examine the history and state (see also: git help revisions)
   bisect     Find by binary search the change that introduced a bug
   grep       Print lines matching a pattern
   log        Show commit logs
   show       Show various types of objects
   status     Show the working tree status

grow, mark and tweak your common history
   branch     List, create, or delete branches
   checkout   Switch branches or restore working tree files
   commit     Record changes to the repository
   diff       Show changes between commits, commit and working tree, etc
   merge      Join two or more development histories together
   rebase     Forward-port local commits to the updated upstream head
   tag        Create, list, delete or verify a tag object signed with GPG

collaborate (see also: git help workflows)
   fetch      Download objects and refs from another repository
   pull       Fetch from and integrate with another repository or a local branch
   push       Update remote refs along with associated objects

'git help -a' and 'git help -g' list available subcommands and some
concept guides. See 'git help <command>' or 'git help <concept>'
to read about a specific subcommand or concept.

Parmods-MacBook-Pro:GitGitHub parmodkumar$ git help commit

## All the help related to commit will be displayed here. ## pressing q will lead to the main command line (out of this help)

Parmods-MacBook-Pro:GitGitHub parmodkumar$ pwd
/Users/parmodkumar/Desktop/GitGitHub

## In windows we need to type: cd ~ (this will take you to the home directory); then you can hit $ pwd (this should display the home directory); cd ..(take one step back to the parent directory of the present directory)
Parmods-MacBook-Pro:GitGitHub parmodkumar$ ls
Git_GitHubTutorial.txt	foo.txt
Parmods-MacBook-Pro:GitGitHub parmodkumar$ git init
Reinitialized existing Git repository in /Users/parmodkumar/Desktop/GitGitHub/.git/
Parmods-MacBook-Pro:GitGitHub parmodkumar$ ls -la
total 16
drwxr-xr-x   5 parmodkumar  staff   170 Apr 14 08:58 .
drwx------+ 82 parmodkumar  staff  2788 Apr 14 08:23 ..
drwxr-xr-x  13 parmodkumar  staff   442 Apr 14 08:58 .git
-rw-r--r--@  1 parmodkumar  staff  3741 Apr 14 08:58 Git_GitHubTutorial.txt
-rw-r--r--@  1 parmodkumar  staff    40 Mar  2 22:00 foo.txt

(## this will list not only the regular files and folders but all the other hidden stuff as well)
(## we should not edit these files, we should not try to find them or change as well, by doing so the entire project will get messed up)
Parmods-MacBook-Pro:GitGitHub parmodkumar$ clear
Parmods-MacBook-Pro:GitGitHub parmodkumar$ 
Parmods-MacBook-Pro:GitGitHub parmodkumar$ git add . (## this means add all the changes that we make to our project and hit enter) (## commit is a 2 step process, whenever we are committing then we are telling the git to take a snapshot at this time, and if we mess up in the future then we can come back at that stage)

Parmods-MacBook-Pro:GitGitHub parmodkumar$ git commit -m "This is our first commit" (## -m “this is a message to tell us what we did at that commit to remind us”)

Parmods-MacBook-Pro:GitGitHub parmodkumar$ git commit -m "This is our first commit"
[master (root-commit) 43336d2] This is our first commit
 2 files changed, 107 insertions(+)
 create mode 100644 Git_GitHubTutorial.txt
 create mode 100644 foo.txt

Parmods-MacBook-Pro:GitGitHub parmodkumar$ git log
commit 43336d22799345056d93d9f39061d334caa3ab05
Author: Parmod Kumar <caldmet70@gmail.com>
Date:   Thu Apr 14 09:16:29 2016 +0530

    This is our first commit

Parmods-MacBook-Pro:GitGitHub parmodkumar$ git log --author="Parmod Kumar"
commit 43336d22799345056d93d9f39061d334caa3ab05
Author: Parmod Kumar <caldmet70@gmail.com>
Date:   Thu Apr 14 09:16:29 2016 +0530

    This is our first commit

Parmods-MacBook-Pro:GitGitHub parmodkumar$ git log --author="Wendy" (## Wendy does not exist so it does not display anything)

Parmods-MacBook-Pro:GitGitHub parmodkumar$ git status
On branch master
Changes not staged for commit:
  (use "git add <file>..." to update what will be committed)
  (use "git checkout -- <file>..." to discard changes in working directory)

	modified:   Git_GitHubTutorial.txt

no changes added to commit (use "git add" and/or "git commit -a")

Parmods-MacBook-Pro:GitGitHub parmodkumar$ git status
On branch master
Changes not staged for commit:
  (use "git add <file>..." to update what will be committed)
  (use "git checkout -- <file>..." to discard changes in working directory)

	modified:   Git_GitHubTutorial.txt

Untracked files:
  (use "git add <file>..." to include in what will be committed)

	second.rtf
	third.rtf

no changes added to commit (use "git add" and/or "git commit -a")

(## adding a file and committing it is a two step process)

Parmods-MacBook-Pro:GitGitHub parmodkumar$ git add second.txt
fatal: pathspec 'second.txt' did not match any files

Parmods-MacBook-Pro:GitGitHub parmodkumar$ git add second.rtf
Parmods-MacBook-Pro:GitGitHub parmodkumar$ 

(## working copy > staging area > repository; when ever we create a file then it is in the local folder and whenever we add it it goes to the staging area; tagging are tell us that these are the files that need to committed, and whenever we commit these they goes to the repository)

Parmods-MacBook-Pro:GitGitHub parmodkumar$ git status
On branch master
Changes to be committed:
  (use "git reset HEAD <file>..." to unstage)

	new file:   second.rtf

Changes not staged for commit:
  (use "git add <file>..." to update what will be committed)
  (use "git checkout -- <file>..." to discard changes in working directory)

	modified:   Git_GitHubTutorial.txt

Untracked files:
  (use "git add <file>..." to include in what will be committed)

	third.rtf

Parmods-MacBook-Pro:GitGitHub parmodkumar$ git commit -m "adding the second file to the repository"
[master 6089cb2] adding the second file to the repository
 1 file changed, 7 insertions(+)
 create mode 100644 second.rtf

Parmods-MacBook-Pro:GitGitHub parmodkumar$ git status
On branch master
Changes not staged for commit:
  (use "git add <file>..." to update what will be committed)
  (use "git checkout -- <file>..." to discard changes in working directory)

	modified:   Git_GitHubTutorial.txt

Untracked files:
  (use "git add <file>..." to include in what will be committed)

	third.rtf

no changes added to commit (use "git add" and/or "git commit -a")

Parmods-MacBook-Pro:GitGitHub parmodkumar$ git add third.rtf
Parmods-MacBook-Pro:GitGitHub parmodkumar$ git status
On branch master
Changes to be committed:
  (use "git reset HEAD <file>..." to unstage)

	new file:   third.rtf

Changes not staged for commit:
  (use "git add <file>..." to update what will be committed)
  (use "git checkout -- <file>..." to discard changes in working directory)

	modified:   Git_GitHubTutorial.txt

Parmods-MacBook-Pro:GitGitHub parmodkumar$ git commit -m "the third file is now joing other files"
[master 217d217] the third file is now joing other files
 1 file changed, 7 insertions(+)
 create mode 100644 third.rtf

Parmods-MacBook-Pro:GitGitHub parmodkumar$ git log
commit 217d2176eb5ace900a8b4e7cf70c4855e02d6050
Author: Parmod Kumar <caldmet70@gmail.com>
Date:   Thu Apr 14 09:46:56 2016 +0530

    the third file is now joing other files

commit 6089cb26785f906dd020d90941db7482f9a49be1
Author: Parmod Kumar <caldmet70@gmail.com>
Date:   Thu Apr 14 09:43:58 2016 +0530

    adding the second file to the repository

commit 43336d22799345056d93d9f39061d334caa3ab05
Author: Parmod Kumar <caldmet70@gmail.com>
Date:   Thu Apr 14 09:16:29 2016 +0530

    This is our first commit


Parmods-MacBook-Pro:GitGitHub parmodkumar$ git status
On branch master
Changes not staged for commit:
  (use "git add <file>..." to update what will be committed)
  (use "git checkout -- <file>..." to discard changes in working directory)

	modified:   Git_GitHubTutorial.txt

no changes added to commit (use "git add" and/or "git commit -a")

Parmods-MacBook-Pro:GitGitHub parmodkumar$ git add Git_GitHubTutorial.txt

Parmods-MacBook-Pro:GitGitHub parmodkumar$ git status
On branch master
Changes to be committed:
  (use "git reset HEAD <file>..." to unstage)

	modified:   Git_GitHubTutorial.txt

Changes not staged for commit:
  (use "git add <file>..." to update what will be committed)
  (use "git checkout -- <file>..." to discard changes in working directory)

	modified:   Git_GitHubTutorial.txt

Parmods-MacBook-Pro:GitGitHub parmodkumar$ git commit -m "Modified the Git_GitHubTutorial.txt"
[master de5a42b] Modified the Git_GitHubTutorial.txt
 1 file changed, 154 insertions(+), 1 deletion(-)

Parmods-MacBook-Pro:GitGitHub parmodkumar$ git status
On branch master
Changes not staged for commit:
  (use "git add <file>..." to update what will be committed)
  (use "git checkout -- <file>..." to discard changes in working directory)

	modified:   Git_GitHubTutorial.txt

no changes added to commit (use "git add" and/or "git commit -a")

Parmods-MacBook-Pro:GitGitHub parmodkumar$ git status
On branch master
Changes not staged for commit:
  (use "git add <file>..." to update what will be committed)
  (use "git checkout -- <file>..." to discard changes in working directory)

	modified:   Git_GitHubTutorial.txt
	modified:   third.rtf

no changes added to commit (use "git add" and/or "git commit -a")

Parmods-MacBook-Pro:GitGitHub parmodkumar$ git add .

Parmods-MacBook-Pro:GitGitHub parmodkumar$ git status
On branch master
Changes to be committed:
  (use "git reset HEAD <file>..." to unstage)

	modified:   Git_GitHubTutorial.txt
	modified:   third.rtf

Changes not staged for commit:
  (use "git add <file>..." to update what will be committed)
  (use "git checkout -- <file>..." to discard changes in working directory)

	modified:   Git_GitHubTutorial.txt

Parmods-MacBook-Pro:GitGitHub parmodkumar$ git commit -m "This is how we can edit multiple files"
[master 997869d] This is how we can edit multiple files
 2 files changed, 42 insertions(+), 1 deletion(-)

Parmods-MacBook-Pro:GitGitHub parmodkumar$ git diff
diff --git a/Git_GitHubTutorial.txt b/Git_GitHubTutorial.txt
index 9f49695..82c7cc9 100644
--- a/Git_GitHubTutorial.txt
+++ b/Git_GitHubTutorial.txt
@@ -294,3 +294,23 @@ Changes not staged for commit:
 
 no changes added to commit (use "git add" and/or "git commit -a")
 
+Parmods-MacBook-Pro:GitGitHub parmodkumar$ git add .
+
+Parmods-MacBook-Pro:GitGitHub parmodkumar$ git status
+On branch master
+Changes to be committed:
+  (use "git reset HEAD <file>..." to unstage)
+
+       modified:   Git_GitHubTutorial.txt
+       modified:   third.rtf
+
+Changes not staged for commit:
+  (use "git add <file>..." to update what will be committed)
+  (use "git checkout -- <file>..." to discard changes in working directory)
+
+       modified:   Git_GitHubTutorial.txt
+
+Parmods-MacBook-Pro:GitGitHub parmodkumar$ git commit -m "This is how we can edit multiple files"
+[master 997869d] This is how we can edit multiple files
+ 2 files changed, 42 insertions(+), 1 deletion(-)
+


Parmods-MacBook-Pro:GitGitHub parmodkumar$ git add Git_GitHubTutorial.txt
Parmods-MacBook-Pro:GitGitHub parmodkumar$ git commit -m "We are commiting our changes"
[master 79d3bea] We are commiting our changes
 1 file changed, 51 insertions(+)

Parmods-MacBook-Pro:GitGitHub parmodkumar$ git status
On branch master
Changes not staged for commit:
  (use "git add <file>..." to update what will be committed)
  (use "git checkout -- <file>..." to discard changes in working directory)

	modified:   Git_GitHubTutorial.txt
	modified:   third.rtf

no changes added to commit (use "git add" and/or "git commit -a")

Parmods-MacBook-Pro:GitGitHub parmodkumar$ git diff
diff --git a/Git_GitHubTutorial.txt b/Git_GitHubTutorial.txt
index 63351aa..7a8cf01 100644
--- a/Git_GitHubTutorial.txt
+++ b/Git_GitHubTutorial.txt
@@ -345,3 +345,19 @@ index 9f49695..82c7cc9 100644
 +
 
 
+Parmods-MacBook-Pro:GitGitHub parmodkumar$ git add Git_GitHubTutorial.txt
+Parmods-MacBook-Pro:GitGitHub parmodkumar$ git commit -m "We are commiting our changes"
+[master 79d3bea] We are commiting our changes
+ 1 file changed, 51 insertions(+)
+
+Parmods-MacBook-Pro:GitGitHub parmodkumar$ git status
+On branch master
+Changes not staged for commit:
+  (use "git add <file>..." to update what will be committed)
+  (use "git checkout -- <file>..." to discard changes in working directory)
+
+       modified:   Git_GitHubTutorial.txt
+       modified:   third.rtf
+
+no changes added to commit (use "git add" and/or "git commit -a")
+
diff --git a/third.rtf b/third.rtf
index 28a9aa5..db37a5b 100644
--- a/third.rtf
+++ b/third.rtf
@@ -6,4 +6,7 @@
 
 \f0\fs24 \cf0 This is a random third file.\
 \
-Some change made.}
\ No newline at end of file
+Some change made.\
+\
+Here are some more changes.\
+}
\ No newline at end of file


Parmods-MacBook-Pro:GitGitHub parmodkumar$ git commit -m "Here are some changes to the two files"
On branch master
Changes not staged for commit:
	modified:   Git_GitHubTutorial.txt
	modified:   third.rtf

no changes added to commit

Parmods-MacBook-Pro:GitGitHub parmodkumar$ git add .

Parmods-MacBook-Pro:GitGitHub parmodkumar$ git commit -m "Here are some changes to the two files"
[master 78236e2] Here are some changes to the two files
 2 files changed, 62 insertions(+), 1 deletion(-)

Parmods-MacBook-Pro:GitGitHub parmodkumar$ git diff
diff --git a/Git_GitHubTutorial.txt b/Git_GitHubTutorial.txt
index e2c4036..8fecd34 100644
--- a/Git_GitHubTutorial.txt
+++ b/Git_GitHubTutorial.txt
@@ -403,3 +403,17 @@ index 28a9aa5..db37a5b 100644
 \ No newline at end of file
 
 
+Parmods-MacBook-Pro:GitGitHub parmodkumar$ git commit -m "Here are some changes to the two files"
+On branch master
+Changes not staged for commit:
+       modified:   Git_GitHubTutorial.txt
+       modified:   third.rtf
+
+no changes added to commit
+
+Parmods-MacBook-Pro:GitGitHub parmodkumar$ git add .
+
+Parmods-MacBook-Pro:GitGitHub parmodkumar$ git commit -m "Here are some changes to the two files"
+[master 78236e2] Here are some changes to the two files
+ 2 files changed, 62 insertions(+), 1 deletion(-)

Parmods-MacBook-Pro:GitGitHub parmodkumar$ git diff --staged
Parmods-MacBook-Pro:GitGitHub parmodkumar$ git commit -m "some minor changes"
On branch master
Changes not staged for commit:
	modified:   Git_GitHubTutorial.txt
	modified:   third.rtf

no changes added to commit
Parmods-MacBook-Pro:GitGitHub parmodkumar$ git add .
Parmods-MacBook-Pro:GitGitHub parmodkumar$ git commit -m "some minor changes"
[master 8743e68] some minor changes
 2 files changed, 39 insertions(+), 1 deletion(-)

Parmods-MacBook-Pro:GitGitHub parmodkumar$ git rm third.rtf
rm 'third.rtf'
Parmods-MacBook-Pro:GitGitHub parmodkumar$ ls
Git_GitHubTutorial.txt	foo.txt			second.rtf

Parmods-MacBook-Pro:GitGitHub parmodkumar$ git commit -m "This is the point we deleted third.rtf"
[master e7b48bf] This is the point we deleted third.rtf
 1 file changed, 13 deletions(-)
 delete mode 100644 third.rtf

Parmods-MacBook-Pro:GitGitHub parmodkumar$ git status
On branch master
Changes not staged for commit:
  (use "git add <file>..." to update what will be committed)
  (use "git checkout -- <file>..." to discard changes in working directory)

	modified:   Git_GitHubTutorial.txt

Untracked files:
  (use "git add <file>..." to include in what will be committed)

	home.rtf

no changes added to commit (use "git add" and/or "git commit -a")

Parmods-MacBook-Pro:GitGitHub parmodkumar$ git rm second.rtf
rm 'second.rtf'

Parmods-MacBook-Pro:GitGitHub parmodkumar$ git status
On branch master
Changes to be committed:
  (use "git reset HEAD <file>..." to unstage)

	deleted:    second.rtf

Changes not staged for commit:
  (use "git add <file>..." to update what will be committed)
  (use "git checkout -- <file>..." to discard changes in working directory)

	modified:   Git_GitHubTutorial.txt

Untracked files:
  (use "git add <file>..." to include in what will be committed)

	home.rtf


Parmods-MacBook-Pro:GitGitHub parmodkumar$ git commit -m "renamed and deleted some files"
[master 5cd62eb] renamed and deleted some files
 1 file changed, 7 deletions(-)
 delete mode 100644 second.rtf

Parmods-MacBook-Pro:GitGitHub parmodkumar$ git mv home.rtf homefile.rtf
fatal: not under version control, source=home.rtf, destination=homefile.rtf
Parmods-MacBook-Pro:GitGitHub parmodkumar$ git add .
Parmods-MacBook-Pro:GitGitHub parmodkumar$ git mv home.rtf homefile.rtf

Parmods-MacBook-Pro:GitGitHub parmodkumar$ ls
Git_GitHubTutorial.txt	foo.txt			homefile.rtf

(## moving a file is similar to renaming a file)

Parmods-MacBook-Pro:GitGitHub parmodkumar$ git mv homefile.rtf NotesVC/filehome.rtf
Parmods-MacBook-Pro:GitGitHub parmodkumar$ ls
Git_GitHubTutorial.txt	NotesVC			foo.txt
Parmods-MacBook-Pro:GitGitHub parmodkumar$ cd NotesVC
Parmods-MacBook-Pro:NotesVC parmodkumar$ ls
filehome.rtf

Parmods-MacBook-Pro:NotesVC parmodkumar$ cd ..
Parmods-MacBook-Pro:GitGitHub parmodkumar$ git commit -m "renamed file and put in NotesVC"
[master 9f23b51] renamed file and put in NotesVC
 2 files changed, 72 insertions(+)
 create mode 100644 NotesVC/filehome.rtf

Parmods-MacBook-Pro:GitGitHub parmodkumar$ git status
On branch master
Changes not staged for commit:
  (use "git add <file>..." to update what will be committed)
  (use "git checkout -- <file>..." to discard changes in working directory)

	modified:   Git_GitHubTutorial.txt

no changes added to commit (use "git add" and/or "git commit -a")

